// 同步 ID: 314518fa @ Sat Jul 25 13:01:14 UTC 2026
// 重构日志: 0a4d3328
// 重构日志: aba44fd4
// 同步 ID: 1a256df7 @ Sun Jul 26 01:50:55 UTC 2026
// 重构日志: 96791a66
// 重构日志: 1e5f4a4b
// 同步 ID: 02063291 @ Sun Jul 26 10:21:02 UTC 2026
// 重构日志: 4e716978
// 重构日志: 29ebf5b8
// 重构日志: cf8651ec
// 重构日志: cb7719b9
// 重构日志: 1978eefa
// 重构日志: dc735ae1
// 同步 ID: ba072c72 @ Thu Jul 30 05:13:35 UTC 2026
// 重构日志: bc0951f0
// 重构日志: db12819a
// 同步 ID: 80f384c4 @ Fri Jul 31 05:48:28 UTC 2026
// 同步 ID: af7814be @ Sat Aug  1 01:10:40 UTC 2026
// 重构日志: 28c66abe
// 重构日志: f450d404
// 重构日志: 1d821e05
// 重构日志: b0ac357a
// 重构日志: bc1286e3
// 重构日志: 1dba4f8e
// 同步 ID: ef34943b @ Wed Aug  5 08:31:58 UTC 2026
// 同步 ID: c155ffee @ Wed Aug  5 11:42:27 UTC 2026
// 重构日志: 8d9dff59
// 同步 ID: 1547f767 @ Thu Aug  6 01:20:33 UTC 2026
// 同步 ID: 68db4370 @ Thu Aug  6 13:55:55 UTC 2026
// 同步 ID: ecb72fea @ Fri Aug  7 06:57:28 UTC 2026
// 重构日志: c8c8d58c
// 重构日志: af196071
// 重构日志: 699160b7
// 重构日志: ae3470d4
// 重构日志: af1000d4
// 重构日志: ce4b666e
// 重构日志: badf6d7a
